Resolving dependencies...
Downloading packages...
  _fe_analyzer_shared 99.0.0 (107.0.0 available)
  analyzer 12.1.0 (14.3.0 available)
  archive 4.0.9 (4.2.0 available)
  build 4.0.7 (4.0.11 available)
  build_config 1.3.2 (1.3.3 available)
  build_daemon 4.1.5 (4.1.6 available)
  build_runner 2.15.1 (2.16.1 available)
  built_value 8.12.7 (8.13.0 available)
  cli_util 0.4.2 (0.6.0 available)
  clock 1.1.2 (1.1.3 available)
  code_assets 1.2.1 (2.0.0 available)
  dart_style 3.1.8 (3.1.13 available)
  drift 2.34.2 (2.35.0 available)
  drift_dev 2.34.0 (2.35.0 available)
  flutter_contacts 2.3.1 (2.5.0 available)
  flutter_riverpod 3.3.2 (3.4.3 available)
  flutter_secure_storage 10.3.1 (11.1.0 available)
  flutter_secure_storage_darwin 0.3.2 (0.4.2 available)
  flutter_secure_storage_linux 3.0.2 (3.0.3 available)
  flutter_secure_storage_platform_interface 2.0.3 (2.1.0 available)
  flutter_svg 2.2.0 (2.3.0 available)
  glob 2.1.3 (2.2.0 available)
  go_router 17.3.0 (18.0.1 available)
  google_maps_flutter_web 0.6.3 (0.6.3+1 available)
  hooks 2.0.2 (2.2.0 available)
  image 4.9.1 (4.9.2 available)
  io 1.0.5 (1.1.0 available)
  jni_flutter 1.0.2 (1.0.3 available)
  local_auth_android 2.0.9 (2.0.10 available)
  local_auth_darwin 2.0.3 (2.0.4 available)
  local_auth_windows 2.0.1 (2.0.2 available)
  maplibre_gl 0.26.2 (0.27.1 available)
  maplibre_gl_platform_interface 0.26.2 (0.27.1 available)
  maplibre_gl_web 0.26.2 (0.27.1 available)
  matcher 0.12.19 (0.12.20 available)
  material_color_utilities 0.13.0 (0.13.1 available)
  meta 1.18.0 (1.19.0 available)
  mime 2.0.0 (2.1.0 available)
  native_toolchain_c 0.19.2 (0.19.4 available)
  objective_c 9.5.0 (9.6.0 available)
  package_config 2.2.0 (3.0.0 available)
  permission_handler 12.0.3 (13.0.2 available)
  permission_handler_android 13.0.1 (14.1.0 available)
  permission_handler_apple 9.5.0 (9.6.1 available)
  permission_handler_platform_interface 4.4.0 (4.4.1 available)
  platform 3.1.6 (3.2.0 available)
  pool 1.5.2 (1.5.3 available)
  process 5.0.5 (5.0.6 available)
  pub_semver 2.2.0 (2.2.1 available)
  pubspec_parse 1.5.0 (1.6.0 available)
  record_use 0.6.0 (1.1.1 available)
  riverpod 3.3.2 (3.4.3 available)
  source_gen 4.2.4 (4.3.0 available)
  source_maps 0.10.13 (0.10.14 available)
  sqlite3 3.5.0 (3.5.2 available)
  sqlparser 0.44.5 (0.45.0 available)
  stack_trace 1.12.1 (1.12.2 available)
  stream_transform 2.1.1 (2.1.2 available)
  test 1.31.0 (1.32.0 available)
  test_api 0.7.11 (0.7.14 available)
  test_core 0.6.17 (0.6.20 available)
  url_launcher_android 6.3.32 (6.3.33 available)
  url_launcher_ios 6.4.1 (6.4.2 available)
  url_launcher_linux 3.2.2 (3.2.3 available)
  url_launcher_macos 3.2.5 (3.2.6 available)
  url_launcher_windows 3.1.5 (3.1.6 available)
  uuid 4.5.2 (4.6.0 available)
  vector_math 2.2.0 (2.4.2 available)
  vm_service 15.2.0 (15.3.0 available)
  webdriver 3.1.0 (3.2.0 available)
  workmanager 0.10.9 (0.10.10 available)
  workmanager_android 0.10.8 (0.10.9 available)
  workmanager_apple 0.9.10 (0.9.11 available)
  workmanager_platform_interface 0.10.4 (0.10.5 available)
  yaml 3.1.3 (3.1.4 available)
Got dependencies!
75 packages have newer versions incompatible with dependency constraints.
Try `flutter pub outdated` for more information.
00:00 +0: loading C:/Users/sherl/Downloads/NT_B5_DEVELOP__deepseek-m7m8-20260911/test/features/planner/presentation/zz_planner_cti_clip_probe_test.dart
00:00 +0: CTI CLIP PROBE — owner geometry, real Roboto, 22:58/22:59/23:00
FONT: loaded 2 real Roboto face(s) as family "Roboto" (production theme family)

==============================================================
OWNER GEOMETRY: 1080x2400 physical @ DPR 2.625 => 411.43 x 914.29 logical
WINDOW: visibleStartHour=0 visibleEndHour=24 (owner-reachable)
==============================================================

================ SAMPLE 22:58 ================
geometry : indicatorHeight=12.0 capsuleHeight=18.0 labelWidth=62.0 labelLeft=-11.0 dotLeft=51.0 lineStartX=61.0 timeColumnWidth=56.0
gridRect : L12.00 T-549.71 R399.43 B890.29 W387.43 H1440.00
labelArea: L13.13 T822.29 R63.00 B834.29 W49.87 H12.00
textRect : L15.79 T823.29 R60.33 B833.29 W44.54 H10.00
dotRect  : L63.00 T823.29 R73.00 B833.29 W10.00 H10.00
lineRect : L73.00 T827.29 R399.43 B829.29 W326.43 H2.00
declared : text="10:58 PM" fontSize=15.0 family=null weight=FontWeight.w700
fitted   : scale=0.6666666666666666  effectiveFontSize=10.00
hourLabel(21): box=L12.00 T712.29 R68.00 B730.29 W56.00 H18.00 text=L12.00 T712.29 R68.00 B730.29 W56.00 H18.00 fontSize=13.0 data="9 PM"
hourLabel(22): box=L12.00 T772.29 R68.00 B790.29 W56.00 H18.00 text=L12.00 T772.29 R68.00 B790.29 W56.00 H18.00 fontSize=13.0 data="10 PM"

--- RENDER ANCESTOR CHAIN ABOVE THE LABEL TEXT (label -> root) ---
  RenderParagraph  L15.79 T823.29 R82.60 B838.29 W66.81 H15.00
   RenderPositionedBox  L15.79 T822.29 R82.60 B840.29 W66.81 H18.00
    RenderPadding  L13.13 T822.29 R87.94 B840.29 W74.81 H18.00
     RenderConstrainedBox  L13.13 T822.29 R87.94 B840.29 W74.81 H18.00
      RenderFittedBox  L13.13 T822.29 R63.00 B834.29 W49.87 H12.00  (FittedBox: applies a paint scale)
       RenderPositionedBox  L1.00 T822.29 R63.00 B834.29 W62.00 H12.00
        RenderStack  L12.00 T822.29 R399.43 B834.29 W387.43 H12.00
         RenderConstrainedBox  L12.00 T822.29 R399.43 B834.29 W387.43 H12.00
          RenderStack  L12.00 T-549.71 R399.43 B890.29 W387.43 H1440.00
           RenderIgnorePointer  L12.00 T-549.71 R399.43 B890.29 W387.43 H1440.00
            RenderStack  L12.00 T-549.71 R399.43 B890.29 W387.43 H1440.00
             _RenderLayoutBuilder  L12.00 T-549.71 R399.43 B890.29 W387.43 H1440.00
              RenderConstrainedBox  L12.00 T-549.71 R399.43 B890.29 W387.43 H1440.00
               RenderPointerListener  L12.00 T-549.71 R399.43 B890.29 W387.43 H1440.00
                RenderSemanticsGestureHandler  L12.00 T-549.71 R399.43 B890.29 W387.43 H1440.00
                 RenderPointerListener  L12.00 T-549.71 R399.43 B890.29 W387.43 H1440.00
                  RenderConstrainedBox  L12.00 T-549.71 R399.43 B890.29 W387.43 H1440.00
                   RenderFlex  L-375.43 T-549.71 R786.86 B890.29 W1162.29 H1440.00
                    RenderTransform  L12.00 T-549.71 R1174.29 B890.29 W1162.29 H1440.00
                     RenderStack  L12.00 T-549.71 R399.43 B890.29 W387.43 H1440.00
                      RenderClipRect  L12.00 T-549.71 R399.43 B890.29 W387.43 H1440.00  <== CLIPS to L12.00 T-549.71 R399.43 B890.29 W387.43 H1440.00
                       RenderConstrainedBox  L12.00 T-549.71 R399.43 B890.29 W387.43 H1440.00
                        _RenderLayoutBuilder  L12.00 T-549.71 R399.43 B890.29 W387.43 H1440.00
                         RenderPointerListener  L12.00 T-549.71 R399.43 B890.29 W387.43 H1440.00
                          _RenderLayoutBuilder  L12.00 T-549.71 R399.43 B890.29 W387.43 H1440.00
                           RenderFlex  L12.00 T-549.71 R399.43 B914.29 W387.43 H1464.00
                            RenderPadding  L0.00 T-563.71 R411.43 B914.29 W411.43 H1478.00
                             _RenderSingleChildViewport  L0.00 T110.00 R411.43 B914.29 W411.43 H804.29  <== CLIPS to L0.00 T110.00 R411.43 B914.29 W411.43 H804.29
                              RenderIgnorePointer  L0.00 T110.00 R411.43 B914.29 W411.43 H804.29
                               RenderSemanticsAnnotations  L0.00 T110.00 R411.43 B914.29 W411.43 H804.29
                                RenderPointerListener  L0.00 T110.00 R411.43 B914.29 W411.43 H804.29
                                 RenderSemanticsGestureHandler  L0.00 T110.00 R411.43 B914.29 W411.43 H804.29
                                  RenderPointerListener  L0.00 T110.00 R411.43 B914.29 W411.43 H804.29
                                   _RenderScrollSemantics  L0.00 T110.00 R411.43 B914.29 W411.43 H804.29
                                    RenderTransform  L0.00 T110.00 R411.43 B914.29 W411.43 H804.29
                                     RenderClipRect  L0.00 T110.00 R411.43 B914.29 W411.43 H804.29  <== CLIPS to L0.00 T110.00 R411.43 B914.29 W411.43 H804.29
                                      RenderStack  L0.00 T110.00 R411.43 B914.29 W411.43 H804.29
                                       RenderFlex  L0.00 T72.00 R411.43 B914.29 W411.43 H842.29
                                        RenderPadding  L0.00 T72.00 R411.43 B914.29 W411.43 H842.29
                                         RenderCustomMultiChildLayoutBox  L0.00 T0.00 R411.43 B914.29 W411.43 H914.29
                                          _RenderInkFeatures  L0.00 T0.00 R411.43 B914.29 W411.43 H914.29
                                           RenderPhysicalModel  L0.00 T0.00 R411.43 B914.29 W411.43 H914.29
                                            RenderStack  L0.00 T0.00 R411.43 B914.29 W411.43 H914.29
                                             RenderSemanticsAnnotations  L0.00 T0.00 R411.43 B914.29 W411.43 H914.29
                                              RenderRepaintBoundary  L0.00 T0.00 R411.43 B914.29 W411.43 H914.29
                                               RenderIgnorePointer  L0.00 T0.00 R411.43 B914.29 W411.43 H914.29
                                                RenderFractionalTranslation  L0.00 T0.00 R411.43 B914.29 W411.43 H914.29
                                                 RenderAnimatedOpacity  L0.00 T0.00 R411.43 B914.29 W411.43 H914.29
                                                  RenderFractionalTranslation  L0.00 T0.00 R411.43 B914.29 W411.43 H914.29
                                                   RenderAnimatedOpacity  L0.00 T0.00 R411.43 B914.29 W411.43 H914.29
                                                    _RenderColoredBox  L0.00 T0.00 R411.43 B914.29 W411.43 H914.29
                                                     RenderFractionalTranslation  L0.00 T0.00 R411.43 B914.29 W411.43 H914.29
                                                      RenderAnimatedOpacity  L0.00 T0.00 R411.43 B914.29 W411.43 H914.29
                                                       RenderIgnorePointer  L0.00 T0.00 R411.43 B914.29 W411.43 H914.29
                                                        RenderFractionalTranslation  L0.00 T0.00 R411.43 B914.29 W411.43 H914.29
                                                         RenderAnimatedOpacity  L0.00 T0.00 R411.43 B914.29 W411.43 H914.29
                                                          RenderRepaintBoundary  L0.00 T0.00 R411.43 B914.29 W411.43 H914.29
                                                           RenderSemanticsAnnotations  L0.00 T0.00 R411.43 B914.29 W411.43 H914.29
                                                            RenderOffstage  L0.00 T0.00 R411.43 B914.29 W411.43 H914.29
                                                             RenderSemanticsAnnotations  L0.00 T0.00 R411.43 B914.29 W411.43 H914.29
                                                              _RenderTheater  L0.00 T0.00 R411.43 B914.29 W411.43 H914.29
                                                               RenderAbsorbPointer  L0.00 T0.00 R411.43 B914.29 W411.43 H914.29
                                                                RenderPointerListener  L0.00 T0.00 R411.43 B914.29 W411.43 H914.29
                                                                 RenderSemanticsAnnotations  L0.00 T0.00 R411.43 B914.29 W411.43 H914.29
                                                                  RenderCustomPaint  L0.00 T0.00 R411.43 B914.29 W411.43 H914.29
                                                                   RenderSemanticsAnnotations  L0.00 T0.00 R411.43 B914.29 W411.43 H914.29
                                                                    RenderSemanticsAnnotations  L0.00 T0.00 R411.43 B914.29 W411.43 H914.29
                                                                     RenderSemanticsAnnotations  L0.00 T0.00 R411.43 B914.29 W411.43 H914.29
                                                                      RenderTapRegionSurface  L0.00 T0.00 R411.43 B914.29 W411.43 H914.29
                                                                       RenderSemanticsAnnotations  L0.00 T0.00 R411.43 B914.29 W411.43 H914.29
                                                                        RenderSemanticsAnnotations  L0.00 T0.00 R411.43 B914.29 W411.43 H914.29
                                                                         RenderRepaintBoundary  L0.00 T0.00 R411.43 B914.29 W411.43 H914.29
                                                                          _ReusableRenderView  <ABSENT>
--- END ANCESTOR CHAIN (3 clipping ancestors) ---
EFFECTIVE VISIBLE TEXT RECT = L15.79 T823.29 R60.33 B833.29 W44.54 H10.00
  clipped away width  = 0.00 of 44.54 logical px
  clipped away height = 0.00 of 10.00 logical px
  => 100.0% of the label width survives

================ SAMPLE 22:59 ================
geometry : indicatorHeight=12.0 capsuleHeight=18.0 labelWidth=62.0 labelLeft=-11.0 dotLeft=51.0 lineStartX=61.0 timeColumnWidth=56.0
gridRect : L12.00 T-549.71 R399.43 B890.29 W387.43 H1440.00
labelArea: L13.13 T823.29 R63.00 B835.29 W49.87 H12.00
textRect : L15.79 T824.29 R60.33 B834.29 W44.54 H10.00
dotRect  : L63.00 T824.29 R73.00 B834.29 W10.00 H10.00
lineRect : L73.00 T828.29 R399.43 B830.29 W326.43 H2.00
declared : text="10:59 PM" fontSize=15.0 family=null weight=FontWeight.w700
fitted   : scale=0.6666666666666666  effectiveFontSize=10.00
hourLabel(21): box=L12.00 T712.29 R68.00 B730.29 W56.00 H18.00 text=L12.00 T712.29 R68.00 B730.29 W56.00 H18.00 fontSize=13.0 data="9 PM"
hourLabel(22): box=L12.00 T772.29 R68.00 B790.29 W56.00 H18.00 text=L12.00 T772.29 R68.00 B790.29 W56.00 H18.00 fontSize=13.0 data="10 PM"

--- RENDER ANCESTOR CHAIN ABOVE THE LABEL TEXT (label -> root) ---
  RenderParagraph  L15.79 T824.29 R82.60 B839.29 W66.81 H15.00
   RenderPositionedBox  L15.79 T823.29 R82.60 B841.29 W66.81 H18.00
    RenderPadding  L13.13 T823.29 R87.94 B841.29 W74.81 H18.00
     RenderConstrainedBox  L13.13 T823.29 R87.94 B841.29 W74.81 H18.00
      RenderFittedBox  L13.13 T823.29 R63.00 B835.29 W49.87 H12.00  (FittedBox: applies a paint scale)
       RenderPositionedBox  L1.00 T823.29 R63.00 B835.29 W62.00 H12.00
        RenderStack  L12.00 T823.29 R399.43 B835.29 W387.43 H12.00
         RenderConstrainedBox  L12.00 T823.29 R399.43 B835.29 W387.43 H12.00
          RenderStack  L12.00 T-549.71 R399.43 B890.29 W387.43 H1440.00
           RenderIgnorePointer  L12.00 T-549.71 R399.43 B890.29 W387.43 H1440.00
            RenderStack  L12.00 T-549.71 R399.43 B890.29 W387.43 H1440.00
             _RenderLayoutBuilder  L12.00 T-549.71 R399.43 B890.29 W387.43 H1440.00
              RenderConstrainedBox  L12.00 T-549.71 R399.43 B890.29 W387.43 H1440.00
               RenderPointerListener  L12.00 T-549.71 R399.43 B890.29 W387.43 H1440.00
                RenderSemanticsGestureHandler  L12.00 T-549.71 R399.43 B890.29 W387.43 H1440.00
                 RenderPointerListener  L12.00 T-549.71 R399.43 B890.29 W387.43 H1440.00
                  RenderConstrainedBox  L12.00 T-549.71 R399.43 B890.29 W387.43 H1440.00
                   RenderFlex  L-375.43 T-549.71 R786.86 B890.29 W1162.29 H1440.00
                    RenderTransform  L12.00 T-549.71 R1174.29 B890.29 W1162.29 H1440.00
                     RenderStack  L12.00 T-549.71 R399.43 B890.29 W387.43 H1440.00
                      RenderClipRect  L12.00 T-549.71 R399.43 B890.29 W387.43 H1440.00  <== CLIPS to L12.00 T-549.71 R399.43 B890.29 W387.43 H1440.00
                       RenderConstrainedBox  L12.00 T-549.71 R399.43 B890.29 W387.43 H1440.00
                        _RenderLayoutBuilder  L12.00 T-549.71 R399.43 B890.29 W387.43 H1440.00
                         RenderPointerListener  L12.00 T-549.71 R399.43 B890.29 W387.43 H1440.00
                          _RenderLayoutBuilder  L12.00 T-549.71 R399.43 B890.29 W387.43 H1440.00
                           RenderFlex  L12.00 T-549.71 R399.43 B914.29 W387.43 H1464.00
                            RenderPadding  L0.00 T-563.71 R411.43 B914.29 W411.43 H1478.00
                             _RenderSingleChildViewport  L0.00 T110.00 R411.43 B914.29 W411.43 H804.29  <== CLIPS to L0.00 T110.00 R411.43 B914.29 W411.43 H804.29
                              RenderIgnorePointer  L0.00 T110.00 R411.43 B914.29 W411.43 H804.29
                               RenderSemanticsAnnotations  L0.00 T110.00 R411.43 B914.29 W411.43 H804.29
                                RenderPointerListener  L0.00 T110.00 R411.43 B914.29 W411.43 H804.29
                                 RenderSemanticsGestureHandler  L0.00 T110.00 R411.43 B914.29 W411.43 H804.29
                                  RenderPointerListener  L0.00 T110.00 R411.43 B914.29 W411.43 H804.29
                                   _RenderScrollSemantics  L0.00 T110.00 R411.43 B914.29 W411.43 H804.29
                                    RenderTransform  L0.00 T110.00 R411.43 B914.29 W411.43 H804.29
                                     RenderClipRect  L0.00 T110.00 R411.43 B914.29 W411.43 H804.29  <== CLIPS to L0.00 T110.00 R411.43 B914.29 W411.43 H804.29
                                      RenderStack  L0.00 T110.00 R411.43 B914.29 W411.43 H804.29
                                       RenderFlex  L0.00 T72.00 R411.43 B914.29 W411.43 H842.29
                                        RenderPadding  L0.00 T72.00 R411.43 B914.29 W411.43 H842.29
                                         RenderCustomMultiChildLayoutBox  L0.00 T0.00 R411.43 B914.29 W411.43 H914.29
                                          _RenderInkFeatures  L0.00 T0.00 R411.43 B914.29 W411.43 H914.29
                                           RenderPhysicalModel  L0.00 T0.00 R411.43 B914.29 W411.43 H914.29
                                            RenderStack  L0.00 T0.00 R411.43 B914.29 W411.43 H914.29
                                             RenderSemanticsAnnotations  L0.00 T0.00 R411.43 B914.29 W411.43 H914.29
                                              RenderRepaintBoundary  L0.00 T0.00 R411.43 B914.29 W411.43 H914.29
                                               RenderIgnorePointer  L0.00 T0.00 R411.43 B914.29 W411.43 H914.29
                                                RenderFractionalTranslation  L0.00 T0.00 R411.43 B914.29 W411.43 H914.29
                                                 RenderAnimatedOpacity  L0.00 T0.00 R411.43 B914.29 W411.43 H914.29
                                                  RenderFractionalTranslation  L0.00 T0.00 R411.43 B914.29 W411.43 H914.29
                                                   RenderAnimatedOpacity  L0.00 T0.00 R411.43 B914.29 W411.43 H914.29
                                                    _RenderColoredBox  L0.00 T0.00 R411.43 B914.29 W411.43 H914.29
                                                     RenderFractionalTranslation  L0.00 T0.00 R411.43 B914.29 W411.43 H914.29
                                                      RenderAnimatedOpacity  L0.00 T0.00 R411.43 B914.29 W411.43 H914.29
                                                       RenderIgnorePointer  L0.00 T0.00 R411.43 B914.29 W411.43 H914.29
                                                        RenderFractionalTranslation  L0.00 T0.00 R411.43 B914.29 W411.43 H914.29
                                                         RenderAnimatedOpacity  L0.00 T0.00 R411.43 B914.29 W411.43 H914.29
                                                          RenderRepaintBoundary  L0.00 T0.00 R411.43 B914.29 W411.43 H914.29
                                                           RenderSemanticsAnnotations  L0.00 T0.00 R411.43 B914.29 W411.43 H914.29
                                                            RenderOffstage  L0.00 T0.00 R411.43 B914.29 W411.43 H914.29
                                                             RenderSemanticsAnnotations  L0.00 T0.00 R411.43 B914.29 W411.43 H914.29
                                                              _RenderTheater  L0.00 T0.00 R411.43 B914.29 W411.43 H914.29
                                                               RenderAbsorbPointer  L0.00 T0.00 R411.43 B914.29 W411.43 H914.29
                                                                RenderPointerListener  L0.00 T0.00 R411.43 B914.29 W411.43 H914.29
                                                                 RenderSemanticsAnnotations  L0.00 T0.00 R411.43 B914.29 W411.43 H914.29
                                                                  RenderCustomPaint  L0.00 T0.00 R411.43 B914.29 W411.43 H914.29
                                                                   RenderSemanticsAnnotations  L0.00 T0.00 R411.43 B914.29 W411.43 H914.29
                                                                    RenderSemanticsAnnotations  L0.00 T0.00 R411.43 B914.29 W411.43 H914.29
                                                                     RenderSemanticsAnnotations  L0.00 T0.00 R411.43 B914.29 W411.43 H914.29
                                                                      RenderTapRegionSurface  L0.00 T0.00 R411.43 B914.29 W411.43 H914.29
                                                                       RenderSemanticsAnnotations  L0.00 T0.00 R411.43 B914.29 W411.43 H914.29
                                                                        RenderSemanticsAnnotations  L0.00 T0.00 R411.43 B914.29 W411.43 H914.29
                                                                         RenderRepaintBoundary  L0.00 T0.00 R411.43 B914.29 W411.43 H914.29
                                                                          _ReusableRenderView  <ABSENT>
--- END ANCESTOR CHAIN (3 clipping ancestors) ---
EFFECTIVE VISIBLE TEXT RECT = L15.79 T824.29 R60.33 B834.29 W44.54 H10.00
  clipped away width  = 0.00 of 44.54 logical px
  clipped away height = 0.00 of 10.00 logical px
  => 100.0% of the label width survives

================ SAMPLE 23:00 ================
geometry : indicatorHeight=12.0 capsuleHeight=18.0 labelWidth=62.0 labelLeft=-11.0 dotLeft=51.0 lineStartX=61.0 timeColumnWidth=56.0
gridRect : L12.00 T-549.71 R399.43 B890.29 W387.43 H1440.00
labelArea: L13.13 T824.29 R63.00 B836.29 W49.87 H12.00
textRect : L15.79 T825.29 R60.33 B835.29 W44.54 H10.00
dotRect  : L63.00 T825.29 R73.00 B835.29 W10.00 H10.00
lineRect : L73.00 T829.29 R399.43 B831.29 W326.43 H2.00
declared : text="11:00 PM" fontSize=15.0 family=null weight=FontWeight.w700
fitted   : scale=0.6666666666666666  effectiveFontSize=10.00
hourLabel(22): box=L12.00 T772.29 R68.00 B790.29 W56.00 H18.00 text=L12.00 T772.29 R68.00 B790.29 W56.00 H18.00 fontSize=13.0 data="10 PM"
hourLabel(23): box=L12.00 T832.29 R68.00 B850.29 W56.00 H18.00 text=L12.00 T832.29 R68.00 B850.29 W56.00 H18.00 fontSize=13.0 data="11 PM"

--- RENDER ANCESTOR CHAIN ABOVE THE LABEL TEXT (label -> root) ---
  RenderParagraph  L15.79 T825.29 R82.60 B840.29 W66.81 H15.00
   RenderPositionedBox  L15.79 T824.29 R82.60 B842.29 W66.81 H18.00
    RenderPadding  L13.13 T824.29 R87.94 B842.29 W74.81 H18.00
     RenderConstrainedBox  L13.13 T824.29 R87.94 B842.29 W74.81 H18.00
      RenderFittedBox  L13.13 T824.29 R63.00 B836.29 W49.87 H12.00  (FittedBox: applies a paint scale)
       RenderPositionedBox  L1.00 T824.29 R63.00 B836.29 W62.00 H12.00
        RenderStack  L12.00 T824.29 R399.43 B836.29 W387.43 H12.00
         RenderConstrainedBox  L12.00 T824.29 R399.43 B836.29 W387.43 H12.00
          RenderStack  L12.00 T-549.71 R399.43 B890.29 W387.43 H1440.00
           RenderIgnorePointer  L12.00 T-549.71 R399.43 B890.29 W387.43 H1440.00
            RenderStack  L12.00 T-549.71 R399.43 B890.29 W387.43 H1440.00
             _RenderLayoutBuilder  L12.00 T-549.71 R399.43 B890.29 W387.43 H1440.00
              RenderConstrainedBox  L12.00 T-549.71 R399.43 B890.29 W387.43 H1440.00
               RenderPointerListener  L12.00 T-549.71 R399.43 B890.29 W387.43 H1440.00
                RenderSemanticsGestureHandler  L12.00 T-549.71 R399.43 B890.29 W387.43 H1440.00
                 RenderPointerListener  L12.00 T-549.71 R399.43 B890.29 W387.43 H1440.00
                  RenderConstrainedBox  L12.00 T-549.71 R399.43 B890.29 W387.43 H1440.00
                   RenderFlex  L-375.43 T-549.71 R786.86 B890.29 W1162.29 H1440.00
                    RenderTransform  L12.00 T-549.71 R1174.29 B890.29 W1162.29 H1440.00
                     RenderStack  L12.00 T-549.71 R399.43 B890.29 W387.43 H1440.00
                      RenderClipRect  L12.00 T-549.71 R399.43 B890.29 W387.43 H1440.00  <== CLIPS to L12.00 T-549.71 R399.43 B890.29 W387.43 H1440.00
                       RenderConstrainedBox  L12.00 T-549.71 R399.43 B890.29 W387.43 H1440.00
                        _RenderLayoutBuilder  L12.00 T-549.71 R399.43 B890.29 W387.43 H1440.00
                         RenderPointerListener  L12.00 T-549.71 R399.43 B890.29 W387.43 H1440.00
                          _RenderLayoutBuilder  L12.00 T-549.71 R399.43 B890.29 W387.43 H1440.00
                           RenderFlex  L12.00 T-549.71 R399.43 B914.29 W387.43 H1464.00
                            RenderPadding  L0.00 T-563.71 R411.43 B914.29 W411.43 H1478.00
                             _RenderSingleChildViewport  L0.00 T110.00 R411.43 B914.29 W411.43 H804.29  <== CLIPS to L0.00 T110.00 R411.43 B914.29 W411.43 H804.29
                              RenderIgnorePointer  L0.00 T110.00 R411.43 B914.29 W411.43 H804.29
                               RenderSemanticsAnnotations  L0.00 T110.00 R411.43 B914.29 W411.43 H804.29
                                RenderPointerListener  L0.00 T110.00 R411.43 B914.29 W411.43 H804.29
                                 RenderSemanticsGestureHandler  L0.00 T110.00 R411.43 B914.29 W411.43 H804.29
                                  RenderPointerListener  L0.00 T110.00 R411.43 B914.29 W411.43 H804.29
                                   _RenderScrollSemantics  L0.00 T110.00 R411.43 B914.29 W411.43 H804.29
                                    RenderTransform  L0.00 T110.00 R411.43 B914.29 W411.43 H804.29
                                     RenderClipRect  L0.00 T110.00 R411.43 B914.29 W411.43 H804.29  <== CLIPS to L0.00 T110.00 R411.43 B914.29 W411.43 H804.29
                                      RenderStack  L0.00 T110.00 R411.43 B914.29 W411.43 H804.29
                                       RenderFlex  L0.00 T72.00 R411.43 B914.29 W411.43 H842.29
                                        RenderPadding  L0.00 T72.00 R411.43 B914.29 W411.43 H842.29
                                         RenderCustomMultiChildLayoutBox  L0.00 T0.00 R411.43 B914.29 W411.43 H914.29
                                          _RenderInkFeatures  L0.00 T0.00 R411.43 B914.29 W411.43 H914.29
                                           RenderPhysicalModel  L0.00 T0.00 R411.43 B914.29 W411.43 H914.29
                                            RenderStack  L0.00 T0.00 R411.43 B914.29 W411.43 H914.29
                                             RenderSemanticsAnnotations  L0.00 T0.00 R411.43 B914.29 W411.43 H914.29
                                              RenderRepaintBoundary  L0.00 T0.00 R411.43 B914.29 W411.43 H914.29
                                               RenderIgnorePointer  L0.00 T0.00 R411.43 B914.29 W411.43 H914.29
                                                RenderFractionalTranslation  L0.00 T0.00 R411.43 B914.29 W411.43 H914.29
                                                 RenderAnimatedOpacity  L0.00 T0.00 R411.43 B914.29 W411.43 H914.29
                                                  RenderFractionalTranslation  L0.00 T0.00 R411.43 B914.29 W411.43 H914.29
                                                   RenderAnimatedOpacity  L0.00 T0.00 R411.43 B914.29 W411.43 H914.29
                                                    _RenderColoredBox  L0.00 T0.00 R411.43 B914.29 W411.43 H914.29
                                                     RenderFractionalTranslation  L0.00 T0.00 R411.43 B914.29 W411.43 H914.29
                                                      RenderAnimatedOpacity  L0.00 T0.00 R411.43 B914.29 W411.43 H914.29
                                                       RenderIgnorePointer  L0.00 T0.00 R411.43 B914.29 W411.43 H914.29
                                                        RenderFractionalTranslation  L0.00 T0.00 R411.43 B914.29 W411.43 H914.29
                                                         RenderAnimatedOpacity  L0.00 T0.00 R411.43 B914.29 W411.43 H914.29
                                                          RenderRepaintBoundary  L0.00 T0.00 R411.43 B914.29 W411.43 H914.29
                                                           RenderSemanticsAnnotations  L0.00 T0.00 R411.43 B914.29 W411.43 H914.29
                                                            RenderOffstage  L0.00 T0.00 R411.43 B914.29 W411.43 H914.29
                                                             RenderSemanticsAnnotations  L0.00 T0.00 R411.43 B914.29 W411.43 H914.29
                                                              _RenderTheater  L0.00 T0.00 R411.43 B914.29 W411.43 H914.29
                                                               RenderAbsorbPointer  L0.00 T0.00 R411.43 B914.29 W411.43 H914.29
                                                                RenderPointerListener  L0.00 T0.00 R411.43 B914.29 W411.43 H914.29
                                                                 RenderSemanticsAnnotations  L0.00 T0.00 R411.43 B914.29 W411.43 H914.29
                                                                  RenderCustomPaint  L0.00 T0.00 R411.43 B914.29 W411.43 H914.29
                                                                   RenderSemanticsAnnotations  L0.00 T0.00 R411.43 B914.29 W411.43 H914.29
                                                                    RenderSemanticsAnnotations  L0.00 T0.00 R411.43 B914.29 W411.43 H914.29
                                                                     RenderSemanticsAnnotations  L0.00 T0.00 R411.43 B914.29 W411.43 H914.29
                                                                      RenderTapRegionSurface  L0.00 T0.00 R411.43 B914.29 W411.43 H914.29
                                                                       RenderSemanticsAnnotations  L0.00 T0.00 R411.43 B914.29 W411.43 H914.29
                                                                        RenderSemanticsAnnotations  L0.00 T0.00 R411.43 B914.29 W411.43 H914.29
                                                                         RenderRepaintBoundary  L0.00 T0.00 R411.43 B914.29 W411.43 H914.29
                                                                          _ReusableRenderView  <ABSENT>
--- END ANCESTOR CHAIN (3 clipping ancestors) ---
EFFECTIVE VISIBLE TEXT RECT = L15.79 T825.29 R60.33 B835.29 W44.54 H10.00
  clipped away width  = 0.00 of 44.54 logical px
  clipped away height = 0.00 of 10.00 logical px
  => 100.0% of the label width survives

==============================================================
PIXEL PROOF — did the readout actually rasterise at 22:59?
==============================================================
theme primary (Rose dark) = Color(alpha: 1.0000, red: 0.9216, green: 0.4118, blue: 0.5255, colorSpace: ColorSpace.sRGB)
raster = 823x1829 px at pixelRatio 2.0 (= 411.5 x 914.5 logical)
primary-coloured raster pixels inside the TEXT rect L15.79 T824.29 R60.33 B834.29 W44.54 H10.00 = 469
primary-coloured raster pixels inside the DOT  rect L63.00 T824.29 R73.00 B834.29 W10.00 H10.00 = 298
primary-coloured raster pixels inside the LINE rect L73.00 T828.29 R399.43 B830.29 W326.43 H2.00 = 1959
  => THE CURRENT-TIME TEXT RASTERISED. The label is painted; it is NOT clipped away and NOT hidden behind any ancestor.
captured .m7_cti_evidence/clip_probe_indicator_crop.png (3954 bytes) — crop left=6.0 top=805.3 w=120.0 h=48.0 logical, x4 zoom
crop pixel (0,0) corresponds to logical (6.0, 805.3); the dot starts at logical x=63.0, so the dot begins at crop x=228 px
