Resolving dependencies...
Downloading packages...
  _fe_analyzer_shared 99.0.0 (107.0.0 available)
  analyzer 12.1.0 (14.3.0 available)
  archive 4.0.9 (4.2.0 available)
  build 4.0.7 (4.0.11 available)
  build_config 1.3.2 (1.3.3 available)
  build_daemon 4.1.5 (4.1.6 available)
  build_runner 2.15.1 (2.16.1 available)
  built_value 8.12.7 (8.13.0 available)
  cli_util 0.4.2 (0.6.0 available)
  clock 1.1.2 (1.1.3 available)
  code_assets 1.2.1 (2.0.0 available)
  dart_style 3.1.8 (3.1.13 available)
  drift 2.34.2 (2.35.0 available)
  drift_dev 2.34.0 (2.35.0 available)
  flutter_contacts 2.3.1 (2.5.0 available)
  flutter_riverpod 3.3.2 (3.4.3 available)
  flutter_secure_storage 10.3.1 (11.1.0 available)
  flutter_secure_storage_darwin 0.3.2 (0.4.2 available)
  flutter_secure_storage_linux 3.0.2 (3.0.3 available)
  flutter_secure_storage_platform_interface 2.0.3 (2.1.0 available)
  flutter_svg 2.2.0 (2.3.0 available)
  glob 2.1.3 (2.2.0 available)
  go_router 17.3.0 (18.0.1 available)
  google_maps_flutter_web 0.6.3 (0.6.3+1 available)
  hooks 2.0.2 (2.2.0 available)
  image 4.9.1 (4.9.2 available)
  io 1.0.5 (1.1.0 available)
  jni_flutter 1.0.2 (1.0.3 available)
  local_auth_android 2.0.9 (2.0.10 available)
  local_auth_darwin 2.0.3 (2.0.4 available)
  local_auth_windows 2.0.1 (2.0.2 available)
  maplibre_gl 0.26.2 (0.27.1 available)
  maplibre_gl_platform_interface 0.26.2 (0.27.1 available)
  maplibre_gl_web 0.26.2 (0.27.1 available)
  matcher 0.12.19 (0.12.20 available)
  material_color_utilities 0.13.0 (0.13.1 available)
  meta 1.18.0 (1.19.0 available)
  mime 2.0.0 (2.1.0 available)
  native_toolchain_c 0.19.2 (0.19.4 available)
  objective_c 9.5.0 (9.6.0 available)
  package_config 2.2.0 (3.0.0 available)
  permission_handler 12.0.3 (13.0.2 available)
  permission_handler_android 13.0.1 (14.1.0 available)
  permission_handler_apple 9.5.0 (9.6.1 available)
  permission_handler_platform_interface 4.4.0 (4.4.1 available)
  platform 3.1.6 (3.2.0 available)
  pool 1.5.2 (1.5.3 available)
  process 5.0.5 (5.0.6 available)
  pub_semver 2.2.0 (2.2.1 available)
  pubspec_parse 1.5.0 (1.6.0 available)
  record_use 0.6.0 (1.1.1 available)
  riverpod 3.3.2 (3.4.3 available)
  source_gen 4.2.4 (4.3.0 available)
  source_maps 0.10.13 (0.10.14 available)
  sqlite3 3.5.0 (3.5.2 available)
  sqlparser 0.44.5 (0.45.0 available)
  stack_trace 1.12.1 (1.12.2 available)
  stream_transform 2.1.1 (2.1.2 available)
  test 1.31.0 (1.32.0 available)
  test_api 0.7.11 (0.7.14 available)
  test_core 0.6.17 (0.6.20 available)
  url_launcher_android 6.3.32 (6.3.33 available)
  url_launcher_ios 6.4.1 (6.4.2 available)
  url_launcher_linux 3.2.2 (3.2.3 available)
  url_launcher_macos 3.2.5 (3.2.6 available)
  url_launcher_windows 3.1.5 (3.1.6 available)
  uuid 4.5.2 (4.6.0 available)
  vector_math 2.2.0 (2.4.2 available)
  vm_service 15.2.0 (15.3.0 available)
  webdriver 3.1.0 (3.2.0 available)
  workmanager 0.10.9 (0.10.10 available)
  workmanager_android 0.10.8 (0.10.9 available)
  workmanager_apple 0.9.10 (0.9.11 available)
  workmanager_platform_interface 0.10.4 (0.10.5 available)
  yaml 3.1.3 (3.1.4 available)
Got dependencies!
75 packages have newer versions incompatible with dependency constraints.
Try `flutter pub outdated` for more information.
00:00 +0: loading C:/Users/sherl/Downloads/NT_B5_DEVELOP__deepseek-m7m8-20260911/test/features/planner/presentation/planner_current_time_indicator_test.dart
00:00 +0: Stage B2B-R3A: Planner current-time indicator TEST 1 — R5-05 dot stays on the 56 dp gutter after the label and the bounded line continues through the Event area
00:01 +1: Stage B2B-R3A: Planner current-time indicator TEST 1B — R5-05 fixes the dot to the 56 dp gutter while the label stays bounded and non-overlapping
00:01 +2: Stage B2B-R3A: Planner current-time indicator TEST 1C — R5-05 long labels keep one fixed dot X at normal, intermediate, and maximum zoom
00:02 +3: Stage B2B-R3A: Planner current-time indicator TEST 2 — exact current-minute Y matches the production formula: (hour * 60 + minute) * (hourHeight / 60) within a small logical-pixel tolerance, with the dot and line center Y on that line and the label center Y within the same tolerance
00:02 +4: Stage B2B-R3A: Planner current-time indicator TEST 3 — formatter output produces 12:00 AM for 00:00
00:02 +5: Stage B2B-R3A: Planner current-time indicator TEST 3 — formatter output produces 1:05 AM for 01:05
00:02 +6: Stage B2B-R3A: Planner current-time indicator TEST 3 — formatter output produces 12:00 PM for 12:00
00:02 +7: Stage B2B-R3A: Planner current-time indicator TEST 3 — formatter output produces 4:03 PM for 16:03
00:02 +8: Stage B2B-R3A: Planner current-time indicator TEST 3 — formatter output produces 11:59 PM for 23:59
00:02 +9: Stage B2B-R3A: Planner current-time indicator TEST 4 — indicator is visible today, hidden on previous day, hidden on next day
00:03 +10: Stage B2B-R3A: Planner current-time indicator TEST 5 — swipe away from today hides the indicator; swipe back to today makes it reappear; zoom density is unchanged
00:04 +11: Stage B2B-R3A: Planner current-time indicator TEST 6 — pinch-out increases effective hour height and the indicator Y scales proportionally; label, dot, and line remain aligned; the selected date is unchanged
00:05 +12: Stage B2B-R3A: Planner current-time indicator TEST 7 — overlay is non-interactive: an Event body that sits under the current-time indicator still opens its detail screen; the selected date is unchanged; no exception is raised
00:05 +13: Stage B2B-R3A: Planner current-time indicator TEST 8 — minute-boundary update: the label text changes, the dot and line move by exactly one minute of pixels, and the screen owns no extra timer or listener
00:06 +14: Stage B2B-R3A: Planner current-time indicator TEST 9 — midnight behavior: a 31 July 11:59 PM indicator hides when the clock rolls to 1 August 12:00 AM (selected date still 31 July), then reappears at 12:00 AM when the selected date moves to 1 August
00:06 +15: Stage B2B-R3A: Planner current-time indicator TEST 10 — no domain or Actual writes across initial render, minute update, swipe away, swipe back, and pinch geometry
00:07 +16: CT-02 current-time label contract Rose Light: transparent label + primary text + primary dot/line
00:07 +17: CT-02 current-time label contract Blue Light: transparent label + primary text + primary dot/line
00:07 +18: CT-02 current-time label contract Rose Dark: transparent label + primary text + primary dot/line
00:08 +19: CT-02 current-time label contract Blue Dark: transparent label + primary text + primary dot/line
00:08 +20: All tests passed!
