Resolving dependencies...
Downloading packages...
  _fe_analyzer_shared 99.0.0 (107.0.0 available)
  analyzer 12.1.0 (14.3.0 available)
  archive 4.0.9 (4.2.0 available)
  build 4.0.7 (4.0.11 available)
  build_config 1.3.2 (1.3.3 available)
  build_daemon 4.1.5 (4.1.6 available)
  build_runner 2.15.1 (2.16.1 available)
  built_value 8.12.7 (8.13.0 available)
  cli_util 0.4.2 (0.6.0 available)
  clock 1.1.2 (1.1.3 available)
  code_assets 1.2.1 (2.0.0 available)
  dart_style 3.1.8 (3.1.13 available)
  drift 2.34.2 (2.35.0 available)
  drift_dev 2.34.0 (2.35.0 available)
  flutter_contacts 2.3.1 (2.5.0 available)
  flutter_riverpod 3.3.2 (3.4.3 available)
  flutter_secure_storage 10.3.1 (11.1.0 available)
  flutter_secure_storage_darwin 0.3.2 (0.4.2 available)
  flutter_secure_storage_linux 3.0.2 (3.0.3 available)
  flutter_secure_storage_platform_interface 2.0.3 (2.1.0 available)
  flutter_svg 2.2.0 (2.3.0 available)
  glob 2.1.3 (2.2.0 available)
  go_router 17.3.0 (18.0.1 available)
  google_maps_flutter_web 0.6.3 (0.6.3+1 available)
  hooks 2.0.2 (2.2.0 available)
  image 4.9.1 (4.9.2 available)
  io 1.0.5 (1.1.0 available)
  jni_flutter 1.0.2 (1.0.3 available)
  local_auth_android 2.0.9 (2.0.10 available)
  local_auth_darwin 2.0.3 (2.0.4 available)
  local_auth_windows 2.0.1 (2.0.2 available)
  maplibre_gl 0.26.2 (0.27.1 available)
  maplibre_gl_platform_interface 0.26.2 (0.27.1 available)
  maplibre_gl_web 0.26.2 (0.27.1 available)
  matcher 0.12.19 (0.12.20 available)
  material_color_utilities 0.13.0 (0.13.1 available)
  meta 1.18.0 (1.19.0 available)
  mime 2.0.0 (2.1.0 available)
  native_toolchain_c 0.19.2 (0.19.4 available)
  objective_c 9.5.0 (9.6.0 available)
  package_config 2.2.0 (3.0.0 available)
  permission_handler 12.0.3 (13.0.2 available)
  permission_handler_android 13.0.1 (14.1.0 available)
  permission_handler_apple 9.5.0 (9.6.1 available)
  permission_handler_platform_interface 4.4.0 (4.4.1 available)
  platform 3.1.6 (3.2.0 available)
  pool 1.5.2 (1.5.3 available)
  process 5.0.5 (5.0.6 available)
  pub_semver 2.2.0 (2.2.1 available)
  pubspec_parse 1.5.0 (1.6.0 available)
  record_use 0.6.0 (1.1.1 available)
  riverpod 3.3.2 (3.4.3 available)
  source_gen 4.2.4 (4.3.0 available)
  source_maps 0.10.13 (0.10.14 available)
  sqlite3 3.5.0 (3.5.2 available)
  sqlparser 0.44.5 (0.45.0 available)
  stack_trace 1.12.1 (1.12.2 available)
  stream_transform 2.1.1 (2.1.2 available)
  test 1.31.0 (1.32.0 available)
  test_api 0.7.11 (0.7.14 available)
  test_core 0.6.17 (0.6.20 available)
  url_launcher_android 6.3.32 (6.3.33 available)
  url_launcher_ios 6.4.1 (6.4.2 available)
  url_launcher_linux 3.2.2 (3.2.3 available)
  url_launcher_macos 3.2.5 (3.2.6 available)
  url_launcher_windows 3.1.5 (3.1.6 available)
  uuid 4.5.2 (4.6.0 available)
  vector_math 2.2.0 (2.4.2 available)
  vm_service 15.2.0 (15.3.0 available)
  webdriver 3.1.0 (3.2.0 available)
  workmanager 0.10.9 (0.10.10 available)
  workmanager_android 0.10.8 (0.10.9 available)
  workmanager_apple 0.9.10 (0.9.11 available)
  workmanager_platform_interface 0.10.4 (0.10.5 available)
  yaml 3.1.3 (3.1.4 available)
Got dependencies!
75 packages have newer versions incompatible with dependency constraints.
Try `flutter pub outdated` for more information.
00:00 +0: loading C:/Users/sherl/Downloads/NT_B5_DEVELOP__deepseek-m7m8-20260911/test/features/planner/presentation/zz_cti_render_probe_test.dart
00:00 +0: PROBE D — device geometry, scrolled to the indicator
PROBE D viewport = Size(1080.0, 2400.0) @2.625 logical=Size(411.4, 914.3)
PROBE D.grid(pre-scroll) = L12.00 T108.00 R399.43 B1548.00 W387.43 H1440.00
PROBE D.indicator(pre-scroll) = L12.00 T1383.00 R399.43 B1395.00 W387.43 H12.00
PROBE D.label(pre-scroll) = L3.17 T1384.94 R60.83 B1393.06 W57.66 H8.13
PROBE D.grid(post-scroll) = L12.00 T-549.71 R399.43 B890.29 W387.43 H1440.00
PROBE D.indicator(post-scroll) = L12.00 T725.29 R399.43 B737.29 W387.43 H12.00
PROBE D.label(post-scroll) = L3.17 T727.22 R60.83 B735.35 W57.66 H8.13
PROBE D.dot(post-scroll) = L63.00 T726.29 R73.00 B736.29 W10.00 H10.00
PROBE D.line(post-scroll) = L73.00 T730.29 R399.43 B732.29 W326.43 H2.00
PROBE D label text = "9:21 PM" color=Color(alpha: 1.0000, red: 0.4039, green: 0.3137, blue: 0.6431, colorSpace: ColorSpace.sRGB) size=15.0
PROBE D label fully on-screen? left>=0:true top>=0:true right<=411.42857142857144:true bottom<=914.2857142857143:true
PROBE captured .m7_cti_evidence/probe_d_device_scrolled.png (10628 bytes)
