00:00 +0: loading C:/Users/sherl/Downloads/NT_B5_DEVELOP__deepseek-m7m8-20260911/test/features/contacts/data/m7_contact_purpose_invalidation_test.dart
00:00 +0: C:/Users/sherl/Downloads/NT_B5_DEVELOP__deepseek-m7m8-20260911/test/features/contacts/data/m7_contact_purpose_invalidation_test.dart: P22 archive invalidates the follow-up purpose and marks repair
00:00 +1: C:/Users/sherl/Downloads/NT_B5_DEVELOP__deepseek-m7m8-20260911/test/features/contacts/data/m7_contact_purpose_invalidation_test.dart: P22 recently-deleted invalidates every affected purpose at once
00:00 +2: C:/Users/sherl/Downloads/NT_B5_DEVELOP__deepseek-m7m8-20260911/test/features/contacts/data/m7_contact_purpose_invalidation_test.dart: P22 merge retires absorbed purposes and never retargets the survivor
00:00 +3: C:/Users/sherl/Downloads/NT_B5_DEVELOP__deepseek-m7m8-20260911/test/features/contacts/data/m7_contact_purpose_invalidation_test.dart: P22 rename marks repair but keeps the live purpose intact
00:00 +4: C:/Users/sherl/Downloads/NT_B5_DEVELOP__deepseek-m7m8-20260911/test/features/contacts/data/m7_contact_purpose_invalidation_test.dart: P22 restore returns the Contact to live truth and marks repair
00:00 +5: C:/Users/sherl/Downloads/NT_B5_DEVELOP__deepseek-m7m8-20260911/test/features/contacts/data/drift_contact_repository_test.dart: create, edit, archive, and restore keep one stable identity
00:00 +6: C:/Users/sherl/Downloads/NT_B5_DEVELOP__deepseek-m7m8-20260911/test/features/contacts/data/drift_contact_repository_test.dart: create, edit, archive, and restore keep one stable identity
00:00 +7: C:/Users/sherl/Downloads/NT_B5_DEVELOP__deepseek-m7m8-20260911/test/features/contacts/data/drift_contact_repository_test.dart: historical Event Preview projection falls back to its own canonical live link when no participant snapshot exists
00:00 +8: C:/Users/sherl/Downloads/NT_B5_DEVELOP__deepseek-m7m8-20260911/test/features/contacts/data/contact_timeline_ac_authority_test.dart: Slice A: a scheduled exception cannot revive a cancelled master and the Event remains a separate cancelled factual record
00:00 +9: C:/Users/sherl/Downloads/NT_B5_DEVELOP__deepseek-m7m8-20260911/test/features/contacts/data/contact_timeline_ac_authority_test.dart: Slice A: a scheduled exception cannot revive a cancelled master and the Event remains a separate cancelled factual record
00:01 +10: C:/Users/sherl/Downloads/NT_B5_DEVELOP__deepseek-m7m8-20260911/test/features/contacts/data/contact_timeline_ac_authority_test.dart: Slice A: a scheduled exception cannot revive a cancelled master and the Event remains a separate cancelled factual record
00:01 +11: C:/Users/sherl/Downloads/NT_B5_DEVELOP__deepseek-m7m8-20260911/test/features/contacts/data/contact_timeline_ac_authority_test.dart: Slice A: a scheduled exception cannot revive a cancelled master and the Event remains a separate cancelled factual record
00:01 +12: C:/Users/sherl/Downloads/NT_B5_DEVELOP__deepseek-m7m8-20260911/test/features/contacts/data/contact_timeline_ac_authority_test.dart: Slice A: a scheduled exception cannot revive a cancelled master and the Event remains a separate cancelled factual record
00:01 +13: C:/Users/sherl/Downloads/NT_B5_DEVELOP__deepseek-m7m8-20260911/test/features/contacts/data/contact_timeline_ac_authority_test.dart: Slice A: a scheduled exception cannot revive a cancelled master and the Event remains a separate cancelled factual record
00:01 +14: C:/Users/sherl/Downloads/NT_B5_DEVELOP__deepseek-m7m8-20260911/test/features/contacts/data/contact_timeline_ac_authority_test.dart: Slice A: a scheduled exception cannot revive a cancelled master and the Event remains a separate cancelled factual record
00:01 +15: C:/Users/sherl/Downloads/NT_B5_DEVELOP__deepseek-m7m8-20260911/test/features/contacts/data/drift_contact_repository_test.dart: saved filters persist criteria and are deletable
00:01 +16: C:/Users/sherl/Downloads/NT_B5_DEVELOP__deepseek-m7m8-20260911/test/features/contacts/data/contact_timeline_ac_authority_test.dart: Slice B: occurrence People resolve series plus exact active/removed deltas while series membership remains unchanged
00:01 +17: C:/Users/sherl/Downloads/NT_B5_DEVELOP__deepseek-m7m8-20260911/test/features/contacts/data/contact_timeline_ac_authority_test.dart: Slice B: occurrence People resolve series plus exact active/removed deltas while series membership remains unchanged
00:01 +18: C:/Users/sherl/Downloads/NT_B5_DEVELOP__deepseek-m7m8-20260911/test/features/contacts/data/drift_contact_repository_test.dart: Status and Recent Contact use non-cancelled Event participation facts
00:01 +19: C:/Users/sherl/Downloads/NT_B5_DEVELOP__deepseek-m7m8-20260911/test/features/contacts/presentation/contact_timeline_e1_route_test.dart: E1 production router reuses one Contact shell for same/different Timeline Contacts while Planner-origin Event Detail preserves push navigation
00:01 +20: C:/Users/sherl/Downloads/NT_B5_DEVELOP__deepseek-m7m8-20260911/test/features/contacts/presentation/contact_timeline_e1_route_test.dart: E1 production router reuses one Contact shell for same/different Timeline Contacts while Planner-origin Event Detail preserves push navigation
00:01 +21: C:/Users/sherl/Downloads/NT_B5_DEVELOP__deepseek-m7m8-20260911/test/features/contacts/presentation/contact_timeline_e1_route_test.dart: E1 production router reuses one Contact shell for same/different Timeline Contacts while Planner-origin Event Detail preserves push navigation
00:01 +22: C:/Users/sherl/Downloads/NT_B5_DEVELOP__deepseek-m7m8-20260911/test/features/contacts/presentation/contact_timeline_e1_route_test.dart: E1 production router reuses one Contact shell for same/different Timeline Contacts while Planner-origin Event Detail preserves push navigation
00:01 +23: C:/Users/sherl/Downloads/NT_B5_DEVELOP__deepseek-m7m8-20260911/test/features/contacts/presentation/contact_timeline_e1_route_test.dart: E1 production router reuses one Contact shell for same/different Timeline Contacts while Planner-origin Event Detail preserves push navigation
00:01 +24: C:/Users/sherl/Downloads/NT_B5_DEVELOP__deepseek-m7m8-20260911/test/features/contacts/presentation/contact_timeline_e1_route_test.dart: E1 production router reuses one Contact shell for same/different Timeline Contacts while Planner-origin Event Detail preserves push navigation
00:01 +25: C:/Users/sherl/Downloads/NT_B5_DEVELOP__deepseek-m7m8-20260911/test/features/contacts/presentation/contact_timeline_e1_route_test.dart: E1 production router reuses one Contact shell for same/different Timeline Contacts while Planner-origin Event Detail preserves push navigation
00:01 +26: C:/Users/sherl/Downloads/NT_B5_DEVELOP__deepseek-m7m8-20260911/test/features/contacts/presentation/contact_timeline_e1_route_test.dart: E1 production router reuses one Contact shell for same/different Timeline Contacts while Planner-origin Event Detail preserves push navigation
00:01 +27: C:/Users/sherl/Downloads/NT_B5_DEVELOP__deepseek-m7m8-20260911/test/features/contacts/presentation/contact_timeline_e1_route_test.dart: E1 production router reuses one Contact shell for same/different Timeline Contacts while Planner-origin Event Detail preserves push navigation
00:01 +28: C:/Users/sherl/Downloads/NT_B5_DEVELOP__deepseek-m7m8-20260911/test/features/contacts/presentation/contact_timeline_e1_route_test.dart: E1 production router reuses one Contact shell for same/different Timeline Contacts while Planner-origin Event Detail preserves push navigation
00:01 +29: C:/Users/sherl/Downloads/NT_B5_DEVELOP__deepseek-m7m8-20260911/test/features/contacts/presentation/contact_timeline_e1_route_test.dart: E1 production router reuses one Contact shell for same/different Timeline Contacts while Planner-origin Event Detail preserves push navigation
00:01 +30: C:/Users/sherl/Downloads/NT_B5_DEVELOP__deepseek-m7m8-20260911/test/features/contacts/presentation/contact_timeline_e1_route_test.dart: E1 production router reuses one Contact shell for same/different Timeline Contacts while Planner-origin Event Detail preserves push navigation
00:01 +31: C:/Users/sherl/Downloads/NT_B5_DEVELOP__deepseek-m7m8-20260911/test/features/contacts/presentation/contact_timeline_e1_route_test.dart: E1 production router reuses one Contact shell for same/different Timeline Contacts while Planner-origin Event Detail preserves push navigation
00:01 +32: C:/Users/sherl/Downloads/NT_B5_DEVELOP__deepseek-m7m8-20260911/test/features/contacts/presentation/contact_timeline_e1_route_test.dart: E1 production router reuses one Contact shell for same/different Timeline Contacts while Planner-origin Event Detail preserves push navigation
00:01 +33: C:/Users/sherl/Downloads/NT_B5_DEVELOP__deepseek-m7m8-20260911/test/features/contacts/presentation/contact_timeline_e1_route_test.dart: E1 production router reuses one Contact shell for same/different Timeline Contacts while Planner-origin Event Detail preserves push navigation
00:01 +34: C:/Users/sherl/Downloads/NT_B5_DEVELOP__deepseek-m7m8-20260911/test/features/contacts/presentation/contact_timeline_e1_route_test.dart: E1 production router reuses one Contact shell for same/different Timeline Contacts while Planner-origin Event Detail preserves push navigation
00:01 +35: C:/Users/sherl/Downloads/NT_B5_DEVELOP__deepseek-m7m8-20260911/test/features/contacts/presentation/contact_timeline_e1_route_test.dart: E1 production router reuses one Contact shell for same/different Timeline Contacts while Planner-origin Event Detail preserves push navigation
00:01 +36: C:/Users/sherl/Downloads/NT_B5_DEVELOP__deepseek-m7m8-20260911/test/features/contacts/presentation/contact_timeline_e1_route_test.dart: E1 production router reuses one Contact shell for same/different Timeline Contacts while Planner-origin Event Detail preserves push navigation
00:01 +37: C:/Users/sherl/Downloads/NT_B5_DEVELOP__deepseek-m7m8-20260911/test/features/contacts/presentation/contact_timeline_e1_route_test.dart: E1 production router reuses one Contact shell for same/different Timeline Contacts while Planner-origin Event Detail preserves push navigation
00:01 +38: C:/Users/sherl/Downloads/NT_B5_DEVELOP__deepseek-m7m8-20260911/test/features/contacts/presentation/contact_timeline_e1_route_test.dart: E1 production router reuses one Contact shell for same/different Timeline Contacts while Planner-origin Event Detail preserves push navigation
00:01 +39: C:/Users/sherl/Downloads/NT_B5_DEVELOP__deepseek-m7m8-20260911/test/features/contacts/presentation/contact_timeline_e1_route_test.dart: E1 production router reuses one Contact shell for same/different Timeline Contacts while Planner-origin Event Detail preserves push navigation
00:01 +40: C:/Users/sherl/Downloads/NT_B5_DEVELOP__deepseek-m7m8-20260911/test/features/contacts/presentation/contact_timeline_e1_route_test.dart: E1 production router reuses one Contact shell for same/different Timeline Contacts while Planner-origin Event Detail preserves push navigation
00:01 +41: C:/Users/sherl/Downloads/NT_B5_DEVELOP__deepseek-m7m8-20260911/test/features/contacts/presentation/contact_timeline_e1_route_test.dart: E1 production router reuses one Contact shell for same/different Timeline Contacts while Planner-origin Event Detail preserves push navigation
00:01 +42: C:/Users/sherl/Downloads/NT_B5_DEVELOP__deepseek-m7m8-20260911/test/features/contacts/presentation/contact_timeline_e1_route_test.dart: E1 production router reuses one Contact shell for same/different Timeline Contacts while Planner-origin Event Detail preserves push navigation
00:02 +43: C:/Users/sherl/Downloads/NT_B5_DEVELOP__deepseek-m7m8-20260911/test/features/contacts/presentation/contact_timeline_e1_route_test.dart: E1 production router reuses one Contact shell for same/different Timeline Contacts while Planner-origin Event Detail preserves push navigation
00:02 +44: C:/Users/sherl/Downloads/NT_B5_DEVELOP__deepseek-m7m8-20260911/test/features/contacts/presentation/contact_timeline_e1_route_test.dart: E1 production router reuses one Contact shell for same/different Timeline Contacts while Planner-origin Event Detail preserves push navigation
00:02 +45: C:/Users/sherl/Downloads/NT_B5_DEVELOP__deepseek-m7m8-20260911/test/features/contacts/presentation/contact_timeline_e1_route_test.dart: E1 production router reuses one Contact shell for same/different Timeline Contacts while Planner-origin Event Detail preserves push navigation
00:02 +46: C:/Users/sherl/Downloads/NT_B5_DEVELOP__deepseek-m7m8-20260911/test/features/contacts/presentation/contact_timeline_e1_route_test.dart: E1 production router reuses one Contact shell for same/different Timeline Contacts while Planner-origin Event Detail preserves push navigation
00:02 +47: C:/Users/sherl/Downloads/NT_B5_DEVELOP__deepseek-m7m8-20260911/test/features/contacts/presentation/contact_timeline_e1_route_test.dart: E1 production router reuses one Contact shell for same/different Timeline Contacts while Planner-origin Event Detail preserves push navigation
00:02 +48: C:/Users/sherl/Downloads/NT_B5_DEVELOP__deepseek-m7m8-20260911/test/features/contacts/presentation/contact_timeline_e1_route_test.dart: E1 production router reuses one Contact shell for same/different Timeline Contacts while Planner-origin Event Detail preserves push navigation
00:02 +49: C:/Users/sherl/Downloads/NT_B5_DEVELOP__deepseek-m7m8-20260911/test/features/contacts/presentation/contact_timeline_e1_route_test.dart: E1 production router reuses one Contact shell for same/different Timeline Contacts while Planner-origin Event Detail preserves push navigation
00:02 +50: C:/Users/sherl/Downloads/NT_B5_DEVELOP__deepseek-m7m8-20260911/test/features/contacts/presentation/contact_timeline_e1_route_test.dart: E1 production router reuses one Contact shell for same/different Timeline Contacts while Planner-origin Event Detail preserves push navigation
00:02 +51: C:/Users/sherl/Downloads/NT_B5_DEVELOP__deepseek-m7m8-20260911/test/features/contacts/presentation/contact_timeline_e1_route_test.dart: E1 production router reuses one Contact shell for same/different Timeline Contacts while Planner-origin Event Detail preserves push navigation
00:02 +52: C:/Users/sherl/Downloads/NT_B5_DEVELOP__deepseek-m7m8-20260911/test/features/contacts/presentation/contact_timeline_e1_route_test.dart: E1 production router reuses one Contact shell for same/different Timeline Contacts while Planner-origin Event Detail preserves push navigation
00:02 +53: C:/Users/sherl/Downloads/NT_B5_DEVELOP__deepseek-m7m8-20260911/test/features/contacts/presentation/contact_timeline_e1_route_test.dart: E1 production router reuses one Contact shell for same/different Timeline Contacts while Planner-origin Event Detail preserves push navigation
00:02 +54: C:/Users/sherl/Downloads/NT_B5_DEVELOP__deepseek-m7m8-20260911/test/features/contacts/presentation/contact_timeline_e1_route_test.dart: E1 production router reuses one Contact shell for same/different Timeline Contacts while Planner-origin Event Detail preserves push navigation
00:02 +55: C:/Users/sherl/Downloads/NT_B5_DEVELOP__deepseek-m7m8-20260911/test/features/contacts/presentation/contact_timeline_e1_route_test.dart: E1 production router reuses one Contact shell for same/different Timeline Contacts while Planner-origin Event Detail preserves push navigation
00:02 +56: C:/Users/sherl/Downloads/NT_B5_DEVELOP__deepseek-m7m8-20260911/test/features/contacts/presentation/contact_timeline_e1_route_test.dart: E1 production router reuses one Contact shell for same/different Timeline Contacts while Planner-origin Event Detail preserves push navigation
00:02 +57: C:/Users/sherl/Downloads/NT_B5_DEVELOP__deepseek-m7m8-20260911/test/features/contacts/presentation/contact_timeline_e1_route_test.dart: E1 production router reuses one Contact shell for same/different Timeline Contacts while Planner-origin Event Detail preserves push navigation
00:02 +58: C:/Users/sherl/Downloads/NT_B5_DEVELOP__deepseek-m7m8-20260911/test/features/contacts/presentation/contact_timeline_e1_route_test.dart: E1 production router reuses one Contact shell for same/different Timeline Contacts while Planner-origin Event Detail preserves push navigation
00:02 +59: C:/Users/sherl/Downloads/NT_B5_DEVELOP__deepseek-m7m8-20260911/test/features/contacts/presentation/contact_timeline_e1_route_test.dart: E1 production router reuses one Contact shell for same/different Timeline Contacts while Planner-origin Event Detail preserves push navigation
00:02 +60: C:/Users/sherl/Downloads/NT_B5_DEVELOP__deepseek-m7m8-20260911/test/features/contacts/presentation/contact_timeline_e1_route_test.dart: E1 production router reuses one Contact shell for same/different Timeline Contacts while Planner-origin Event Detail preserves push navigation
00:02 +61: C:/Users/sherl/Downloads/NT_B5_DEVELOP__deepseek-m7m8-20260911/test/features/contacts/presentation/contact_timeline_e1_route_test.dart: E1 production router reuses one Contact shell for same/different Timeline Contacts while Planner-origin Event Detail preserves push navigation
00:02 +62: C:/Users/sherl/Downloads/NT_B5_DEVELOP__deepseek-m7m8-20260911/test/features/contacts/presentation/contact_timeline_e1_route_test.dart: E1 production router reuses one Contact shell for same/different Timeline Contacts while Planner-origin Event Detail preserves push navigation
00:02 +63: C:/Users/sherl/Downloads/NT_B5_DEVELOP__deepseek-m7m8-20260911/test/features/contacts/presentation/contact_timeline_e1_route_test.dart: E1 production router reuses one Contact shell for same/different Timeline Contacts while Planner-origin Event Detail preserves push navigation
00:04 +64: All tests passed!
